
> @ciszu/ui@1.0.0 lint E:\Ciszu Network\packages\ui
> tsc --noEmit

../cdn/index.ts(29,19): error TS2580: Cannot find name 'process'. Do you need to install type definitions for node? Try `npm i --save-dev @types/node`.
../cdn/index.ts(31,22): error TS2580: Cannot find name 'process'. Do you need to install type definitions for node? Try `npm i --save-dev @types/node`.
src/Icon.tsx(2,28): error TS2305: Module '"@ciszu/cdn"' has no exported member 'IconName'.
src/Icon.tsx(2,38): error TS2305: Module '"@ciszu/cdn"' has no exported member 'ICON_NAMES'.
src/Icon.tsx(4,18): error TS2430: Interface 'IconProps' incorrectly extends interface 'HTMLAttributes<HTMLElement>'.
  Types of property 'style' are incompatible.
    Type '"outline" | "filled" | "flag" | undefined' is not assignable to type 'CSSProperties | undefined'.
      Type '"outline"' has no properties in common with type 'Properties<string | number, string & {}>'.
src/Icon.tsx(63,5): error TS2345: Argument of type '"svg" | "png"' is not assignable to parameter of type '"svg" | undefined'.
  Type '"png"' is not assignable to type '"svg"'.
src/Icon.tsx(73,14): error TS2339: Property 'style' does not exist on type '{ defaultChecked?: boolean | undefined; defaultValue?: string | number | readonly string[] | undefined; suppressContentEditableWarning?: boolean | undefined; suppressHydrationWarning?: boolean | undefined; ... 256 more ...; onTransitionEndCapture?: TransitionEventHandler<...> | undefined; }'.
src/Icon.tsx(200,7): error TS2322: Type '"outline" | "filled" | "flag" | undefined' is not assignable to type 'CSSProperties | undefined'.
  Type '"outline"' has no properties in common with type 'Properties<string | number, string & {}>'.
src/index.ts(13,10): error TS2305: Module '"@ciszu/cdn"' has no exported member 'ICON_NAMES'.
src/index.ts(13,27): error TS2305: Module '"@ciszu/cdn"' has no exported member 'IconName'.
src/index.ts(16,24): error TS2307: Cannot find module './Button' or its corresponding type declarations.
src/index.ts(17,22): error TS2307: Cannot find module './Card' or its corresponding type declarations.
src/index.ts(18,23): error TS2307: Cannot find module './Input' or its corresponding type declarations.
src/index.ts(19,23): error TS2307: Cannot find module './Modal' or its corresponding type declarations.
src/index.ts(20,23): error TS2307: Cannot find module './Alert' or its corresponding type declarations.
src/index.ts(21,23): error TS2307: Cannot find module './Badge' or its corresponding type declarations.
src/index.ts(24,26): error TS2307: Cannot find module './hooks/useTheme' or its corresponding type declarations.
src/index.ts(25,31): error TS2307: Cannot find module './hooks/useBreakpoint' or its corresponding type declarations.
src/index.ts(26,33): error TS2307: Cannot find module './hooks/useLocalStorage' or its corresponding type declarations.
src/index.ts(29,20): error TS2307: Cannot find module './utils/cn' or its corresponding type declarations.
src/index.ts(30,31): error TS2307: Cannot find module './utils/createContext' or its corresponding type declarations.
src/index.ts(33,28): error TS2307: Cannot find module './types/theme' or its corresponding type declarations.
src/index.ts(34,33): error TS2307: Cannot find module './types/breakpoint' or its corresponding type declarations.
 ELIFECYCLE  Command failed with exit code 2.
